AR cloud behavioral C:/Users/Nick-PC/Documents/VHDL/HRY302-Phase02/cloud.vhd sub00/vhpl22 1649107843
EN mux2to1 NULL C:/Users/Nick-PC/Documents/VHDL/HRY302-Phase02/Mux2to1.vhd sub00/vhpl08 1649107838
EN exstage NULL C:/Users/Nick-PC/Documents/VHDL/HRY302-Phase02/EXSTAGE.vhd sub00/vhpl27 1648852275
AR decstage behavioral C:/Users/Nick-PC/Documents/VHDL/HRY302-Phase02/DECSTAGE.vhd sub00/vhpl24 1649107845
EN plus4module NULL C:/Users/Nick-PC/Documents/VHDL/HRY302-Phase02/plus4module.vhd sub00/vhpl02 1648852000
AR mux2to1 behavioral C:/Users/Nick-PC/Documents/VHDL/HRY302-Phase02/Mux2to1.vhd sub00/vhpl09 1649107839
EN mux32to1 NULL C:/Users/Nick-PC/Documents/VHDL/HRY302-Phase02/Mux32to1.vhd sub00/vhpl15 1649107832
EN dec_encoder NULL C:/Users/Nick-PC/Documents/VHDL/HRY302-Phase02/dec_encoder.vhd sub00/vhpl31 1649107840
AR ifstage behavioral C:/Users/Nick-PC/Documents/VHDL/HRY302-Phase02/IFSTAGE.vhd sub00/vhpl07 1648852007
EN decstage NULL C:/Users/Nick-PC/Documents/VHDL/HRY302-Phase02/DECSTAGE.vhd sub00/vhpl23 1649107844
EN memstage NULL C:/Users/Nick-PC/Documents/VHDL/HRY302-Phase02/MEMSTAGE.vhd sub00/vhpl29 1649463006
AR ram syn C:/Users/Nick-PC/Documents/VHDL/HRY302-Phase02/RAM.vhd sub00/vhpl01 1649009216
EN cloud NULL C:/Users/Nick-PC/Documents/VHDL/HRY302-Phase02/cloud.vhd sub00/vhpl21 1649107842
EN register32bit NULL C:/Users/Nick-PC/Documents/VHDL/HRY302-Phase02/Register32Bit.vhd sub00/vhpl10 1649107830
AR register32bit behavioral C:/Users/Nick-PC/Documents/VHDL/HRY302-Phase02/Register32Bit.vhd sub00/vhpl11 1649107831
EN rf NULL C:/Users/Nick-PC/Documents/VHDL/HRY302-Phase02/RF.vhd sub00/vhpl17 1649107834
EN ifstage NULL C:/Users/Nick-PC/Documents/VHDL/HRY302-Phase02/IFSTAGE.vhd sub00/vhpl06 1648852006
AR plus4module behavioral C:/Users/Nick-PC/Documents/VHDL/HRY302-Phase02/plus4module.vhd sub00/vhpl03 1648852001
EN addition_module NULL C:/Users/Nick-PC/Documents/VHDL/HRY302-Phase02/addition_module.vhd sub00/vhpl04 1648852002
AR addition_module behavioral C:/Users/Nick-PC/Documents/VHDL/HRY302-Phase02/addition_module.vhd sub00/vhpl05 1648852003
PH array_variable NULL C:/Users/Nick-PC/Documents/VHDL/HRY302-Phase02/Array_Variable.vhd sub00/vhpl14 1649107827
EN decoder5to32 NULL C:/Users/Nick-PC/Documents/VHDL/HRY302-Phase02/Decoder5to32.vhd sub00/vhpl12 1649107828
AR dec_encoder behavioral C:/Users/Nick-PC/Documents/VHDL/HRY302-Phase02/dec_encoder.vhd sub00/vhpl32 1649107841
AR alu behavioral C:/Users/Nick-PC/Documents/VHDL/HRY302-Phase02/ALU.vhd sub00/vhpl26 1648936654
EN mux2x1_5bits NULL C:/Users/Nick-PC/Documents/VHDL/HRY302-Phase02/Mux2x1_5Bits.vhd sub00/vhpl19 1649107836
AR decoder5to32 behavioral C:/Users/Nick-PC/Documents/VHDL/HRY302-Phase02/Decoder5to32.vhd sub00/vhpl13 1649107829
AR exstage behavioral C:/Users/Nick-PC/Documents/VHDL/HRY302-Phase02/EXSTAGE.vhd sub00/vhpl28 1648852276
EN ram NULL C:/Users/Nick-PC/Documents/VHDL/HRY302-Phase02/RAM.vhd sub00/vhpl00 1649009215
AR memstage behavioral C:/Users/Nick-PC/Documents/VHDL/HRY302-Phase02/MEMSTAGE.vhd sub00/vhpl30 1649463007
AR mux32to1 behavioral C:/Users/Nick-PC/Documents/VHDL/HRY302-Phase02/Mux32to1.vhd sub00/vhpl16 1649107833
AR rf behavioral C:/Users/Nick-PC/Documents/VHDL/HRY302-Phase02/RF.vhd sub00/vhpl18 1649107835
EN alu NULL C:/Users/Nick-PC/Documents/VHDL/HRY302-Phase02/ALU.vhd sub00/vhpl25 1648936653
AR mux2x1_5bits behavioral C:/Users/Nick-PC/Documents/VHDL/HRY302-Phase02/Mux2x1_5Bits.vhd sub00/vhpl20 1649107837
