V3 61
FL C:/Users/Nick-PC/Documents/VHDL/HRY302-Phase02/addition_module.vhd 2022/03/31.18:07:26 P.20131013
EN work/addition_module 1648852002 \
      FL C:/Users/Nick-PC/Documents/VHDL/HRY302-Phase02/addition_module.vhd \
      PB ieee/std_logic_1164 1381692176 PB ieee/NUMERIC_STD 1381692181 \
      PB ieee/STD_LOGIC_UNSIGNED 1381692179
AR work/addition_module/Behavioral 1648852003 \
      FL C:/Users/Nick-PC/Documents/VHDL/HRY302-Phase02/addition_module.vhd \
      EN work/addition_module 1648852002
FL C:/Users/Nick-PC/Documents/VHDL/HRY302-Phase02/ALU.vhd 2022/03/27.15:41:12 P.20131013
EN work/ALU 1648936653 FL C:/Users/Nick-PC/Documents/VHDL/HRY302-Phase02/ALU.vhd \
      PB ieee/std_logic_1164 1381692176 PB ieee/STD_LOGIC_UNSIGNED 1381692179 \
      PB ieee/NUMERIC_STD 1381692181
AR work/ALU/Behavioral 1648936654 \
      FL C:/Users/Nick-PC/Documents/VHDL/HRY302-Phase02/ALU.vhd EN work/ALU 1648936653
FL C:/Users/Nick-PC/Documents/VHDL/HRY302-Phase02/Array_Variable.vhd 2022/03/28.18:16:52 P.20131013
PH work/Array_Variable 1649107827 \
      FL C:/Users/Nick-PC/Documents/VHDL/HRY302-Phase02/Array_Variable.vhd \
      PB ieee/std_logic_1164 1381692176
FL C:/Users/Nick-PC/Documents/VHDL/HRY302-Phase02/cloud.vhd 2022/04/02.22:25:36 P.20131013
EN work/cloud 1649107842 \
      FL C:/Users/Nick-PC/Documents/VHDL/HRY302-Phase02/cloud.vhd \
      PB ieee/std_logic_1164 1381692176
AR work/cloud/Behavioral 1649107843 \
      FL C:/Users/Nick-PC/Documents/VHDL/HRY302-Phase02/cloud.vhd EN work/cloud 1649107842
FL C:/Users/Nick-PC/Documents/VHDL/HRY302-Phase02/Decoder5to32.vhd 2022/03/29.19:57:44 P.20131013
EN work/Decoder5to32 1649107828 \
      FL C:/Users/Nick-PC/Documents/VHDL/HRY302-Phase02/Decoder5to32.vhd \
      PB ieee/std_logic_1164 1381692176
AR work/Decoder5to32/Behavioral 1649107829 \
      FL C:/Users/Nick-PC/Documents/VHDL/HRY302-Phase02/Decoder5to32.vhd \
      EN work/Decoder5to32 1649107828
FL C:/Users/Nick-PC/Documents/VHDL/HRY302-Phase02/DECSTAGE.vhd 2022/04/05.00:30:23 P.20131013
EN work/DECSTAGE 1649107844 \
      FL C:/Users/Nick-PC/Documents/VHDL/HRY302-Phase02/DECSTAGE.vhd \
      PB ieee/std_logic_1164 1381692176
AR work/DECSTAGE/Behavioral 1649107845 \
      FL C:/Users/Nick-PC/Documents/VHDL/HRY302-Phase02/DECSTAGE.vhd \
      EN work/DECSTAGE 1649107844 CP RF CP Mux2x1_5Bits CP Mux2to1 CP dec_encoder \
      CP cloud
FL C:/Users/Nick-PC/Documents/VHDL/HRY302-Phase02/dec_encoder.vhd 2022/04/05.00:21:29 P.20131013
EN work/dec_encoder 1649107840 \
      FL C:/Users/Nick-PC/Documents/VHDL/HRY302-Phase02/dec_encoder.vhd \
      PB ieee/std_logic_1164 1381692176
AR work/dec_encoder/Behavioral 1649107841 \
      FL C:/Users/Nick-PC/Documents/VHDL/HRY302-Phase02/dec_encoder.vhd \
      EN work/dec_encoder 1649107840
FL C:/Users/Nick-PC/Documents/VHDL/HRY302-Phase02/EXSTAGE.vhd 2022/04/02.01:26:33 P.20131013
EN work/EXSTAGE 1648852275 \
      FL C:/Users/Nick-PC/Documents/VHDL/HRY302-Phase02/EXSTAGE.vhd \
      PB ieee/std_logic_1164 1381692176
AR work/EXSTAGE/Behavioral 1648852276 \
      FL C:/Users/Nick-PC/Documents/VHDL/HRY302-Phase02/EXSTAGE.vhd \
      EN work/EXSTAGE 1648852275 CP ALU CP Mux2to1
FL C:/Users/Nick-PC/Documents/VHDL/HRY302-Phase02/IFSTAGE.vhd 2022/03/31.15:35:48 P.20131013
EN work/IFSTAGE 1648852006 \
      FL C:/Users/Nick-PC/Documents/VHDL/HRY302-Phase02/IFSTAGE.vhd \
      PB ieee/std_logic_1164 1381692176
AR work/IFSTAGE/Behavioral 1648852007 \
      FL C:/Users/Nick-PC/Documents/VHDL/HRY302-Phase02/IFSTAGE.vhd \
      EN work/IFSTAGE 1648852006 CP Register32Bit CP plus4module CP addition_module \
      CP Mux2to1
FL C:/Users/Nick-PC/Documents/VHDL/HRY302-Phase02/MEMSTAGE.vhd 2022/04/04.22:49:01 P.20131013
EN work/MEMSTAGE 1649463006 \
      FL C:/Users/Nick-PC/Documents/VHDL/HRY302-Phase02/MEMSTAGE.vhd \
      PB ieee/std_logic_1164 1381692176 PB ieee/STD_LOGIC_UNSIGNED 1381692179
AR work/MEMSTAGE/Behavioral 1649463007 \
      FL C:/Users/Nick-PC/Documents/VHDL/HRY302-Phase02/MEMSTAGE.vhd \
      EN work/MEMSTAGE 1649463006
FL C:/Users/Nick-PC/Documents/VHDL/HRY302-Phase02/Mux2to1.vhd 2022/03/31.20:35:08 P.20131013
EN work/Mux2to1 1649107838 \
      FL C:/Users/Nick-PC/Documents/VHDL/HRY302-Phase02/Mux2to1.vhd \
      PB ieee/std_logic_1164 1381692176
AR work/Mux2to1/Behavioral 1649107839 \
      FL C:/Users/Nick-PC/Documents/VHDL/HRY302-Phase02/Mux2to1.vhd \
      EN work/Mux2to1 1649107838
FL C:/Users/Nick-PC/Documents/VHDL/HRY302-Phase02/Mux2x1_5Bits.vhd 2022/03/31.20:47:51 P.20131013
EN work/Mux2x1_5Bits 1649107836 \
      FL C:/Users/Nick-PC/Documents/VHDL/HRY302-Phase02/Mux2x1_5Bits.vhd \
      PB ieee/std_logic_1164 1381692176
AR work/Mux2x1_5Bits/Behavioral 1649107837 \
      FL C:/Users/Nick-PC/Documents/VHDL/HRY302-Phase02/Mux2x1_5Bits.vhd \
      EN work/Mux2x1_5Bits 1649107836
FL C:/Users/Nick-PC/Documents/VHDL/HRY302-Phase02/Mux32to1.vhd 2022/03/29.19:10:21 P.20131013
EN work/Mux32to1 1649107832 \
      FL C:/Users/Nick-PC/Documents/VHDL/HRY302-Phase02/Mux32to1.vhd \
      PB ieee/std_logic_1164 1381692176 PH work/Array_Variable 1649107827
AR work/Mux32to1/Behavioral 1649107833 \
      FL C:/Users/Nick-PC/Documents/VHDL/HRY302-Phase02/Mux32to1.vhd \
      EN work/Mux32to1 1649107832
FL C:/Users/Nick-PC/Documents/VHDL/HRY302-Phase02/plus4module.vhd 2022/03/31.02:09:05 P.20131013
EN work/plus4module 1648852000 \
      FL C:/Users/Nick-PC/Documents/VHDL/HRY302-Phase02/plus4module.vhd \
      PB ieee/std_logic_1164 1381692176 PB ieee/STD_LOGIC_UNSIGNED 1381692179
AR work/plus4module/Behavioral 1648852001 \
      FL C:/Users/Nick-PC/Documents/VHDL/HRY302-Phase02/plus4module.vhd \
      EN work/plus4module 1648852000
FL C:/Users/Nick-PC/Documents/VHDL/HRY302-Phase02/RAM.vhd 2022/03/31.01:37:36 P.20131013
EN work/RAM 1649009215 FL C:/Users/Nick-PC/Documents/VHDL/HRY302-Phase02/RAM.vhd \
      PB ieee/std_logic_1164 1381692176 PB ieee/STD_LOGIC_UNSIGNED 1381692179 \
      PB std/TEXTIO 1381692176 PB ieee/STD_LOGIC_TEXTIO 1381692180
AR work/RAM/syn 1649009216 \
      FL C:/Users/Nick-PC/Documents/VHDL/HRY302-Phase02/RAM.vhd EN work/RAM 1649009215
FL C:/Users/Nick-PC/Documents/VHDL/HRY302-Phase02/Register32Bit.vhd 2022/03/29.20:02:22 P.20131013
EN work/Register32Bit 1649107830 \
      FL C:/Users/Nick-PC/Documents/VHDL/HRY302-Phase02/Register32Bit.vhd \
      PB ieee/std_logic_1164 1381692176
AR work/Register32Bit/Behavioral 1649107831 \
      FL C:/Users/Nick-PC/Documents/VHDL/HRY302-Phase02/Register32Bit.vhd \
      EN work/Register32Bit 1649107830
FL C:/Users/Nick-PC/Documents/VHDL/HRY302-Phase02/RF.vhd 2022/03/31.19:49:00 P.20131013
EN work/RF 1649107834 FL C:/Users/Nick-PC/Documents/VHDL/HRY302-Phase02/RF.vhd \
      PB ieee/std_logic_1164 1381692176 PH work/Array_Variable 1649107827
AR work/RF/Behavioral 1649107835 \
      FL C:/Users/Nick-PC/Documents/VHDL/HRY302-Phase02/RF.vhd EN work/RF 1649107834 \
      CP Decoder5to32 CP Register32Bit CP Mux32to1
