AR cloud behavioral C:/Users/Nick-PC/Documents/VHDL/HRY302-Phase03/cloud.vhd sub00/vhpl16 1649705623
EN mux2to1 NULL C:/Users/Nick-PC/Documents/VHDL/HRY302-Phase03/Mux2to1.vhd sub00/vhpl11 1649705614
EN exstage NULL C:/Users/Nick-PC/Documents/VHDL/HRY302-Phase03/EXSTAGE.vhd sub00/vhpl21 1649705632
AR decstage behavioral C:/Users/Nick-PC/Documents/VHDL/HRY302-Phase03/DECSTAGE.vhd sub00/vhpl18 1649705631
EN plus4module NULL C:/Users/Nick-PC/Documents/VHDL/HRY302-Phase03/plus4module.vhd sub00/vhpl23 1649705624
AR mux2to1 behavioral C:/Users/Nick-PC/Documents/VHDL/HRY302-Phase03/Mux2to1.vhd sub00/vhpl12 1649705615
EN mux32to1 NULL C:/Users/Nick-PC/Documents/VHDL/HRY302-Phase03/Mux32to1.vhd sub00/vhpl05 1649705610
EN datapath NULL C:/Users/Nick-PC/Documents/VHDL/HRY302-Phase03/DATAPATH.vhd sub00/vhpl31 1649705636
AR proc_sc behavioral C:/Users/Nick-PC/Documents/VHDL/HRY302-Phase03/PROC_SC.vhd sub00/vhpl38 1649353574
EN dec_encoder NULL C:/Users/Nick-PC/Documents/VHDL/HRY302-Phase03/dec_encoder.vhd sub00/vhpl13 1649705620
AR ifstage behavioral C:/Users/Nick-PC/Documents/VHDL/HRY302-Phase03/IFSTAGE.vhd sub00/vhpl28 1649705629
EN decstage NULL C:/Users/Nick-PC/Documents/VHDL/HRY302-Phase03/DECSTAGE.vhd sub00/vhpl17 1649705630
EN memstage NULL C:/Users/Nick-PC/Documents/VHDL/HRY302-Phase03/MEMSTAGE.vhd sub00/vhpl29 1649705634
AR ram syn "C:/Users/Nick PC/Documents/VHDL/HRY302-Phase03/RAM.vhd" sub00/vhpl34 1649812367
EN cloud NULL C:/Users/Nick-PC/Documents/VHDL/HRY302-Phase03/cloud.vhd sub00/vhpl15 1649705622
EN register32bit NULL C:/Users/Nick-PC/Documents/VHDL/HRY302-Phase03/Register32Bit.vhd sub00/vhpl02 1649705608
AR register32bit behavioral C:/Users/Nick-PC/Documents/VHDL/HRY302-Phase03/Register32Bit.vhd sub00/vhpl03 1649705609
EN rf NULL C:/Users/Nick-PC/Documents/VHDL/HRY302-Phase03/RF.vhd sub00/vhpl07 1649705616
EN ifstage NULL C:/Users/Nick-PC/Documents/VHDL/HRY302-Phase03/IFSTAGE.vhd sub00/vhpl27 1649705628
EN proc_sc NULL C:/Users/Nick-PC/Documents/VHDL/HRY302-Phase03/PROC_SC.vhd sub00/vhpl37 1649353573
AR plus4module behavioral C:/Users/Nick-PC/Documents/VHDL/HRY302-Phase03/plus4module.vhd sub00/vhpl24 1649705625
EN addition_module NULL C:/Users/Nick-PC/Documents/VHDL/HRY302-Phase03/addition_module.vhd sub00/vhpl25 1649705626
PH array_variable NULL C:/Users/Nick-PC/Documents/VHDL/HRY302-Phase03/Array_Variable.vhd sub00/vhpl04 1649705605
AR addition_module behavioral C:/Users/Nick-PC/Documents/VHDL/HRY302-Phase03/addition_module.vhd sub00/vhpl26 1649705627
EN control NULL C:/Users/Nick-PC/Documents/VHDL/HRY302-Phase03/CONTROL.vhd sub00/vhpl35 1649705600
EN decoder5to32 NULL C:/Users/Nick-PC/Documents/VHDL/HRY302-Phase03/Decoder5to32.vhd sub00/vhpl00 1649705606
AR dec_encoder behavioral C:/Users/Nick-PC/Documents/VHDL/HRY302-Phase03/dec_encoder.vhd sub00/vhpl14 1649705621
AR alu behavioral C:/Users/Nick-PC/Documents/VHDL/HRY302-Phase03/ALU.vhd sub00/vhpl20 1649705613
EN mux2x1_5bits NULL C:/Users/Nick-PC/Documents/VHDL/HRY302-Phase03/Mux2x1_5Bits.vhd sub00/vhpl09 1649705618
AR decoder5to32 behavioral C:/Users/Nick-PC/Documents/VHDL/HRY302-Phase03/Decoder5to32.vhd sub00/vhpl01 1649705607
AR exstage behavioral C:/Users/Nick-PC/Documents/VHDL/HRY302-Phase03/EXSTAGE.vhd sub00/vhpl22 1649705633
EN ram NULL "C:/Users/Nick PC/Documents/VHDL/HRY302-Phase03/RAM.vhd" sub00/vhpl33 1649812366
AR control behavioral C:/Users/Nick-PC/Documents/VHDL/HRY302-Phase03/CONTROL.vhd sub00/vhpl36 1649705601
AR memstage behavioral C:/Users/Nick-PC/Documents/VHDL/HRY302-Phase03/MEMSTAGE.vhd sub00/vhpl30 1649705635
AR mux32to1 behavioral C:/Users/Nick-PC/Documents/VHDL/HRY302-Phase03/Mux32to1.vhd sub00/vhpl06 1649705611
AR datapath behavioral C:/Users/Nick-PC/Documents/VHDL/HRY302-Phase03/DATAPATH.vhd sub00/vhpl32 1649705637
AR rf behavioral C:/Users/Nick-PC/Documents/VHDL/HRY302-Phase03/RF.vhd sub00/vhpl08 1649705617
EN alu NULL C:/Users/Nick-PC/Documents/VHDL/HRY302-Phase03/ALU.vhd sub00/vhpl19 1649705612
AR mux2x1_5bits behavioral C:/Users/Nick-PC/Documents/VHDL/HRY302-Phase03/Mux2x1_5Bits.vhd sub00/vhpl10 1649705619
