V3 78
FL "C:/Users/Nick PC/Documents/VHDL/HRY302-Phase03/RAM.vhd" 2022/04/12.02:23:32 P.20131013
EN work/RAM 1649812366 \
      FL "C:/Users/Nick PC/Documents/VHDL/HRY302-Phase03/RAM.vhd" \
      PB ieee/std_logic_1164 1381692176 PB ieee/STD_LOGIC_UNSIGNED 1381692179 \
      PB std/TEXTIO 1381692176 PB ieee/STD_LOGIC_TEXTIO 1381692180
AR work/RAM/syn 1649812367 \
      FL "C:/Users/Nick PC/Documents/VHDL/HRY302-Phase03/RAM.vhd" EN work/RAM 1649812366
FL C:/Users/Nick-PC/Documents/VHDL/HRY302-Phase03/addition_module.vhd 2022/04/07.16:09:10 P.20131013
EN work/addition_module 1649705626 \
      FL C:/Users/Nick-PC/Documents/VHDL/HRY302-Phase03/addition_module.vhd \
      PB ieee/std_logic_1164 1381692176 PB ieee/NUMERIC_STD 1381692181 \
      PB ieee/STD_LOGIC_UNSIGNED 1381692179
AR work/addition_module/Behavioral 1649705627 \
      FL C:/Users/Nick-PC/Documents/VHDL/HRY302-Phase03/addition_module.vhd \
      EN work/addition_module 1649705626
FL C:/Users/Nick-PC/Documents/VHDL/HRY302-Phase03/ALU.vhd 2022/03/27.15:41:12 P.20131013
EN work/ALU 1649705612 FL C:/Users/Nick-PC/Documents/VHDL/HRY302-Phase03/ALU.vhd \
      PB ieee/std_logic_1164 1381692176 PB ieee/STD_LOGIC_UNSIGNED 1381692179 \
      PB ieee/NUMERIC_STD 1381692181
AR work/ALU/Behavioral 1649705613 \
      FL C:/Users/Nick-PC/Documents/VHDL/HRY302-Phase03/ALU.vhd EN work/ALU 1649705612
FL C:/Users/Nick-PC/Documents/VHDL/HRY302-Phase03/Array_Variable.vhd 2022/03/28.18:16:52 P.20131013
PH work/Array_Variable 1649705605 \
      FL C:/Users/Nick-PC/Documents/VHDL/HRY302-Phase03/Array_Variable.vhd \
      PB ieee/std_logic_1164 1381692176
FL C:/Users/Nick-PC/Documents/VHDL/HRY302-Phase03/cloud.vhd 2022/04/02.22:25:36 P.20131013
EN work/cloud 1649705622 \
      FL C:/Users/Nick-PC/Documents/VHDL/HRY302-Phase03/cloud.vhd \
      PB ieee/std_logic_1164 1381692176
AR work/cloud/Behavioral 1649705623 \
      FL C:/Users/Nick-PC/Documents/VHDL/HRY302-Phase03/cloud.vhd EN work/cloud 1649705622
FL C:/Users/Nick-PC/Documents/VHDL/HRY302-Phase03/CONTROL.vhd 2022/04/07.18:34:40 P.20131013
EN work/CONTROL 1649705600 \
      FL C:/Users/Nick-PC/Documents/VHDL/HRY302-Phase03/CONTROL.vhd \
      PB ieee/std_logic_1164 1381692176
AR work/CONTROL/Behavioral 1649705601 \
      FL C:/Users/Nick-PC/Documents/VHDL/HRY302-Phase03/CONTROL.vhd \
      EN work/CONTROL 1649705600
FL C:/Users/Nick-PC/Documents/VHDL/HRY302-Phase03/DATAPATH.vhd 2022/04/07.02:05:42 P.20131013
EN work/DATAPATH 1649705636 \
      FL C:/Users/Nick-PC/Documents/VHDL/HRY302-Phase03/DATAPATH.vhd \
      PB ieee/std_logic_1164 1381692176
AR work/DATAPATH/Behavioral 1649705637 \
      FL C:/Users/Nick-PC/Documents/VHDL/HRY302-Phase03/DATAPATH.vhd \
      EN work/DATAPATH 1649705636 CP IFSTAGE CP DECSTAGE CP EXSTAGE CP MEMSTAGE
FL C:/Users/Nick-PC/Documents/VHDL/HRY302-Phase03/Decoder5to32.vhd 2022/03/29.19:57:44 P.20131013
EN work/Decoder5to32 1649705606 \
      FL C:/Users/Nick-PC/Documents/VHDL/HRY302-Phase03/Decoder5to32.vhd \
      PB ieee/std_logic_1164 1381692176
AR work/Decoder5to32/Behavioral 1649705607 \
      FL C:/Users/Nick-PC/Documents/VHDL/HRY302-Phase03/Decoder5to32.vhd \
      EN work/Decoder5to32 1649705606
FL C:/Users/Nick-PC/Documents/VHDL/HRY302-Phase03/DECSTAGE.vhd 2022/04/06.13:45:25 P.20131013
EN work/DECSTAGE 1649705630 \
      FL C:/Users/Nick-PC/Documents/VHDL/HRY302-Phase03/DECSTAGE.vhd \
      PB ieee/std_logic_1164 1381692176
AR work/DECSTAGE/Behavioral 1649705631 \
      FL C:/Users/Nick-PC/Documents/VHDL/HRY302-Phase03/DECSTAGE.vhd \
      EN work/DECSTAGE 1649705630 CP RF CP Mux2x1_5Bits CP Mux2to1 CP dec_encoder \
      CP cloud
FL C:/Users/Nick-PC/Documents/VHDL/HRY302-Phase03/dec_encoder.vhd 2022/04/07.16:13:30 P.20131013
EN work/dec_encoder 1649705620 \
      FL C:/Users/Nick-PC/Documents/VHDL/HRY302-Phase03/dec_encoder.vhd \
      PB ieee/std_logic_1164 1381692176
AR work/dec_encoder/Behavioral 1649705621 \
      FL C:/Users/Nick-PC/Documents/VHDL/HRY302-Phase03/dec_encoder.vhd \
      EN work/dec_encoder 1649705620
FL C:/Users/Nick-PC/Documents/VHDL/HRY302-Phase03/EXSTAGE.vhd 2022/04/02.01:26:33 P.20131013
EN work/EXSTAGE 1649705632 \
      FL C:/Users/Nick-PC/Documents/VHDL/HRY302-Phase03/EXSTAGE.vhd \
      PB ieee/std_logic_1164 1381692176
AR work/EXSTAGE/Behavioral 1649705633 \
      FL C:/Users/Nick-PC/Documents/VHDL/HRY302-Phase03/EXSTAGE.vhd \
      EN work/EXSTAGE 1649705632 CP ALU CP Mux2to1
FL C:/Users/Nick-PC/Documents/VHDL/HRY302-Phase03/IFSTAGE.vhd 2022/04/06.13:37:26 P.20131013
EN work/IFSTAGE 1649705628 \
      FL C:/Users/Nick-PC/Documents/VHDL/HRY302-Phase03/IFSTAGE.vhd \
      PB ieee/std_logic_1164 1381692176
AR work/IFSTAGE/Behavioral 1649705629 \
      FL C:/Users/Nick-PC/Documents/VHDL/HRY302-Phase03/IFSTAGE.vhd \
      EN work/IFSTAGE 1649705628 CP Register32Bit CP plus4module CP addition_module \
      CP Mux2to1
FL C:/Users/Nick-PC/Documents/VHDL/HRY302-Phase03/MEMSTAGE.vhd 2022/04/06.13:43:46 P.20131013
EN work/MEMSTAGE 1649705634 \
      FL C:/Users/Nick-PC/Documents/VHDL/HRY302-Phase03/MEMSTAGE.vhd \
      PB ieee/std_logic_1164 1381692176 PB ieee/STD_LOGIC_UNSIGNED 1381692179
AR work/MEMSTAGE/Behavioral 1649705635 \
      FL C:/Users/Nick-PC/Documents/VHDL/HRY302-Phase03/MEMSTAGE.vhd \
      EN work/MEMSTAGE 1649705634
FL C:/Users/Nick-PC/Documents/VHDL/HRY302-Phase03/Mux2to1.vhd 2022/03/31.20:35:08 P.20131013
EN work/Mux2to1 1649705614 \
      FL C:/Users/Nick-PC/Documents/VHDL/HRY302-Phase03/Mux2to1.vhd \
      PB ieee/std_logic_1164 1381692176
AR work/Mux2to1/Behavioral 1649705615 \
      FL C:/Users/Nick-PC/Documents/VHDL/HRY302-Phase03/Mux2to1.vhd \
      EN work/Mux2to1 1649705614
FL C:/Users/Nick-PC/Documents/VHDL/HRY302-Phase03/Mux2x1_5Bits.vhd 2022/03/31.20:47:51 P.20131013
EN work/Mux2x1_5Bits 1649705618 \
      FL C:/Users/Nick-PC/Documents/VHDL/HRY302-Phase03/Mux2x1_5Bits.vhd \
      PB ieee/std_logic_1164 1381692176
AR work/Mux2x1_5Bits/Behavioral 1649705619 \
      FL C:/Users/Nick-PC/Documents/VHDL/HRY302-Phase03/Mux2x1_5Bits.vhd \
      EN work/Mux2x1_5Bits 1649705618
FL C:/Users/Nick-PC/Documents/VHDL/HRY302-Phase03/Mux32to1.vhd 2022/03/29.19:10:21 P.20131013
EN work/Mux32to1 1649705610 \
      FL C:/Users/Nick-PC/Documents/VHDL/HRY302-Phase03/Mux32to1.vhd \
      PB ieee/std_logic_1164 1381692176 PH work/Array_Variable 1649705605
AR work/Mux32to1/Behavioral 1649705611 \
      FL C:/Users/Nick-PC/Documents/VHDL/HRY302-Phase03/Mux32to1.vhd \
      EN work/Mux32to1 1649705610
FL C:/Users/Nick-PC/Documents/VHDL/HRY302-Phase03/plus4module.vhd 2022/04/06.03:30:09 P.20131013
EN work/plus4module 1649705624 \
      FL C:/Users/Nick-PC/Documents/VHDL/HRY302-Phase03/plus4module.vhd \
      PB ieee/std_logic_1164 1381692176 PB ieee/STD_LOGIC_UNSIGNED 1381692179
AR work/plus4module/Behavioral 1649705625 \
      FL C:/Users/Nick-PC/Documents/VHDL/HRY302-Phase03/plus4module.vhd \
      EN work/plus4module 1649705624
FL C:/Users/Nick-PC/Documents/VHDL/HRY302-Phase03/PROC_SC.vhd 2022/04/07.20:45:14 P.20131013
EN work/PROC_SC 1649353573 \
      FL C:/Users/Nick-PC/Documents/VHDL/HRY302-Phase03/PROC_SC.vhd \
      PB ieee/std_logic_1164 1381692176
AR work/PROC_SC/Behavioral 1649353574 \
      FL C:/Users/Nick-PC/Documents/VHDL/HRY302-Phase03/PROC_SC.vhd \
      EN work/PROC_SC 1649353573 CP RAM CP DATAPATH CP CONTROL
FL C:/Users/Nick-PC/Documents/VHDL/HRY302-Phase03/RAM.vhd 2022/04/12.02:23:31 P.20131013
FL C:/Users/Nick-PC/Documents/VHDL/HRY302-Phase03/Register32Bit.vhd 2022/04/11.17:55:26 P.20131013
EN work/Register32Bit 1649705608 \
      FL C:/Users/Nick-PC/Documents/VHDL/HRY302-Phase03/Register32Bit.vhd \
      PB ieee/std_logic_1164 1381692176
AR work/Register32Bit/Behavioral 1649705609 \
      FL C:/Users/Nick-PC/Documents/VHDL/HRY302-Phase03/Register32Bit.vhd \
      EN work/Register32Bit 1649705608
FL C:/Users/Nick-PC/Documents/VHDL/HRY302-Phase03/RF.vhd 2022/03/31.19:49:00 P.20131013
EN work/RF 1649705616 FL C:/Users/Nick-PC/Documents/VHDL/HRY302-Phase03/RF.vhd \
      PB ieee/std_logic_1164 1381692176 PH work/Array_Variable 1649705605
AR work/RF/Behavioral 1649705617 \
      FL C:/Users/Nick-PC/Documents/VHDL/HRY302-Phase03/RF.vhd EN work/RF 1649705616 \
      CP Decoder5to32 CP Register32Bit CP Mux32to1
