EN mux32to1 NULL C:/Users/Nick-PC/Documents/VHDL/HRY302-Phase01/Mux32to1.vhd sub00/vhpl08 1648676079
AR ram syn C:/Users/Nick-PC/Documents/VHDL/HRY302-Phase01/RAM.vhd sub00/vhpl13 1648636356
EN register32bit NULL C:/Users/Nick-PC/Documents/VHDL/HRY302-Phase01/Register32Bit.vhd sub00/vhpl02 1648676077
AR register32bit behavioral C:/Users/Nick-PC/Documents/VHDL/HRY302-Phase01/Register32Bit.vhd sub00/vhpl03 1648676078
EN rf NULL C:/Users/Nick-PC/Documents/VHDL/HRY302-Phase01/RF.vhd sub00/vhpl10 1648676081
PB array_variable array_variable C:/Users/Nick-PC/Documents/VHDL/HRY302-Phase01/Array_Variable.vhd sub00/vhpl07 1648469054
PH array_variable NULL C:/Users/Nick-PC/Documents/VHDL/HRY302-Phase01/Array_Variable.vhd sub00/vhpl06 1648676074
EN decoder5to32 NULL C:/Users/Nick-PC/Documents/VHDL/HRY302-Phase01/Decoder5to32.vhd sub00/vhpl04 1648676075
AR alu behavioral C:/Users/Nick-PC/Documents/VHDL/HRY302-Phase01/ALU.vhd sub00/vhpl01 1648469019
AR decoder5to32 behavioral C:/Users/Nick-PC/Documents/VHDL/HRY302-Phase01/Decoder5to32.vhd sub00/vhpl05 1648676076
EN ram NULL C:/Users/Nick-PC/Documents/VHDL/HRY302-Phase01/RAM.vhd sub00/vhpl12 1648636355
AR mux32to1 behavioral C:/Users/Nick-PC/Documents/VHDL/HRY302-Phase01/Mux32to1.vhd sub00/vhpl09 1648676080
AR rf behavioral C:/Users/Nick-PC/Documents/VHDL/HRY302-Phase01/RF.vhd sub00/vhpl11 1648676082
EN alu NULL C:/Users/Nick-PC/Documents/VHDL/HRY302-Phase01/ALU.vhd sub00/vhpl00 1648469018
