V3 23
FL C:/Users/Nick-PC/Documents/VHDL/HRY302-Phase01/ALU.vhd 2022/03/27.15:41:12 P.20131013
EN work/ALU 1648469018 FL C:/Users/Nick-PC/Documents/VHDL/HRY302-Phase01/ALU.vhd \
      PB ieee/std_logic_1164 1381692176 PB ieee/STD_LOGIC_UNSIGNED 1381692179 \
      PB ieee/NUMERIC_STD 1381692181
AR work/ALU/Behavioral 1648469019 \
      FL C:/Users/Nick-PC/Documents/VHDL/HRY302-Phase01/ALU.vhd EN work/ALU 1648469018
FL C:/Users/Nick-PC/Documents/VHDL/HRY302-Phase01/Array_Variable.vhd 2022/03/28.18:16:52 P.20131013
PH work/Array_Variable 1648676074 \
      FL C:/Users/Nick-PC/Documents/VHDL/HRY302-Phase01/Array_Variable.vhd \
      PB ieee/std_logic_1164 1381692176
FL C:/Users/Nick-PC/Documents/VHDL/HRY302-Phase01/Decoder5to32.vhd 2022/03/29.19:57:44 P.20131013
EN work/Decoder5to32 1648676075 \
      FL C:/Users/Nick-PC/Documents/VHDL/HRY302-Phase01/Decoder5to32.vhd \
      PB ieee/std_logic_1164 1381692176
AR work/Decoder5to32/Behavioral 1648676076 \
      FL C:/Users/Nick-PC/Documents/VHDL/HRY302-Phase01/Decoder5to32.vhd \
      EN work/Decoder5to32 1648676075
FL C:/Users/Nick-PC/Documents/VHDL/HRY302-Phase01/Mux32to1.vhd 2022/03/29.19:10:21 P.20131013
EN work/Mux32to1 1648676079 \
      FL C:/Users/Nick-PC/Documents/VHDL/HRY302-Phase01/Mux32to1.vhd \
      PB ieee/std_logic_1164 1381692176 PH work/Array_Variable 1648676074
AR work/Mux32to1/Behavioral 1648676080 \
      FL C:/Users/Nick-PC/Documents/VHDL/HRY302-Phase01/Mux32to1.vhd \
      EN work/Mux32to1 1648676079
FL C:/Users/Nick-PC/Documents/VHDL/HRY302-Phase01/RAM.vhd 2022/03/30.13:32:32 P.20131013
EN work/RAM 1648636355 FL C:/Users/Nick-PC/Documents/VHDL/HRY302-Phase01/RAM.vhd \
      PB ieee/std_logic_1164 1381692176 PB ieee/STD_LOGIC_UNSIGNED 1381692179 \
      PB std/TEXTIO 1381692176 PB ieee/STD_LOGIC_TEXTIO 1381692180
AR work/RAM/syn 1648636356 \
      FL C:/Users/Nick-PC/Documents/VHDL/HRY302-Phase01/RAM.vhd EN work/RAM 1648636355
FL C:/Users/Nick-PC/Documents/VHDL/HRY302-Phase01/Register32Bit.vhd 2022/03/29.20:02:22 P.20131013
EN work/Register32Bit 1648676077 \
      FL C:/Users/Nick-PC/Documents/VHDL/HRY302-Phase01/Register32Bit.vhd \
      PB ieee/std_logic_1164 1381692176
AR work/Register32Bit/Behavioral 1648676078 \
      FL C:/Users/Nick-PC/Documents/VHDL/HRY302-Phase01/Register32Bit.vhd \
      EN work/Register32Bit 1648676077
FL C:/Users/Nick-PC/Documents/VHDL/HRY302-Phase01/RF.vhd 2022/03/29.20:57:40 P.20131013
EN work/RF 1648676081 FL C:/Users/Nick-PC/Documents/VHDL/HRY302-Phase01/RF.vhd \
      PB ieee/std_logic_1164 1381692176 PH work/Array_Variable 1648676074
AR work/RF/Behavioral 1648676082 \
      FL C:/Users/Nick-PC/Documents/VHDL/HRY302-Phase01/RF.vhd EN work/RF 1648676081 \
      CP Decoder5to32 CP Register32Bit CP Mux32to1
